src/config/env.ts(4,26): error TS2339: Property 'env' does not exist on type 'ImportMeta'.
src/config/env.ts(8,23): error TS2339: Property 'env' does not exist on type 'ImportMeta'.
src/config/env.ts(9,26): error TS2339: Property 'env' does not exist on type 'ImportMeta'.
src/config/env.ts(10,26): error TS2339: Property 'env' does not exist on type 'ImportMeta'.
src/core/api/index.ts(2,1): error TS2308: Module './types' has already exported a member named 'ApiError'. Consider explicitly re-exporting to resolve the ambiguity.
src/core/api/jobs.ts(79,5): error TS2322: Type 'unknown' is not assignable to type '{ total: number; byType: Record<string, number>; byIndustry: Record<string, number>; byRegion: Record<string, number>; }'.
src/core/hooks/useApi.ts(32,41): error TS2693: 'ApiError' only refers to a type, but is being used as a value here.
src/core/hooks/useApi.ts(32,64): error TS2693: 'ApiError' only refers to a type, but is being used as a value here.
src/features/jobs/components/AdvancedSearch.tsx(116,37): error TS7006: Parameter 'value' implicitly has an 'any' type.
src/features/jobs/components/AdvancedSearch.tsx(136,37): error TS7006: Parameter 'value' implicitly has an 'any' type.
src/features/jobs/components/AdvancedSearch.tsx(156,37): error TS7006: Parameter 'value' implicitly has an 'any' type.
src/features/jobs/components/AdvancedSearch.tsx(198,37): error TS7006: Parameter 'value' implicitly has an 'any' type.
src/features/jobs/components/AdvancedSearch.tsx(218,37): error TS7006: Parameter 'value' implicitly has an 'any' type.
src/features/jobs/components/AdvancedSearch.tsx(238,37): error TS7006: Parameter 'value' implicitly has an 'any' type.
src/features/jobs/components/AdvancedSearch.tsx(258,37): error TS7006: Parameter 'value' implicitly has an 'any' type.
src/features/jobs/components/AdvancedSearch.tsx(278,37): error TS7006: Parameter 'value' implicitly has an 'any' type.
src/features/jobs/components/AdvancedSearch.tsx(311,37): error TS7006: Parameter 'value' implicitly has an 'any' type.
src/features/jobs/hooks/useJob.ts(41,14): error TS2352: Conversion of type 'JobResponse' to type 'Job' may be a mistake because neither type sufficiently overlaps with the other. If this was intentional, convert the expression to 'unknown' first.
  Property 'postedAt' is missing in type 'JobResponse' but required in type 'Job'.
src/features/jobs/hooks/useJob.ts(54,14): error TS2352: Conversion of type 'JobResponse' to type 'Job' may be a mistake because neither type sufficiently overlaps with the other. If this was intentional, convert the expression to 'unknown' first.
  Property 'postedAt' is missing in type 'JobResponse' but required in type 'Job'.
src/features/jobs/hooks/useJob.ts(55,14): error TS2352: Conversion of type 'JobResponse' to type 'Job' may be a mistake because neither type sufficiently overlaps with the other. If this was intentional, convert the expression to 'unknown' first.
  Property 'postedAt' is missing in type 'JobResponse' but required in type 'Job'.
src/features/jobs/hooks/useJobs.ts(69,15): error TS2345: Argument of type 'JobResponse[]' is not assignable to parameter of type 'SetStateAction<Job[]>'.
  Type 'JobResponse[]' is not assignable to type 'Job[]'.
    Property 'postedAt' is missing in type 'JobResponse' but required in type 'Job'.
src/features/jobs/hooks/useJobs.ts(85,15): error TS2345: Argument of type 'JobResponse[]' is not assignable to parameter of type 'SetStateAction<Job[]>'.
  Type 'JobResponse[]' is not assignable to type 'Job[]'.
    Property 'postedAt' is missing in type 'JobResponse' but required in type 'Job'.
src/features/jobs/hooks/useJobs.ts(110,14): error TS2352: Conversion of type 'JobResponse' to type 'Job' may be a mistake because neither type sufficiently overlaps with the other. If this was intentional, convert the expression to 'unknown' first.
  Property 'postedAt' is missing in type 'JobResponse' but required in type 'Job'.
src/features/jobs/hooks/useJobs.ts(122,14): error TS2352: Conversion of type 'JobResponse' to type 'Job' may be a mistake because neither type sufficiently overlaps with the other. If this was intentional, convert the expression to 'unknown' first.
  Property 'postedAt' is missing in type 'JobResponse' but required in type 'Job'.
src/features/jobs/hooks/useJobs.ts(161,19): error TS2345: Argument of type 'JobResponse[]' is not assignable to parameter of type 'SetStateAction<Job[]>'.
  Type 'JobResponse[]' is not assignable to type 'Job[]'.
    Property 'postedAt' is missing in type 'JobResponse' but required in type 'Job'.
src/features/jobs/hooks/useJobs.ts(173,19): error TS2345: Argument of type 'JobResponse[]' is not assignable to parameter of type 'SetStateAction<Job[]>'.
  Type 'JobResponse[]' is not assignable to type 'Job[]'.
    Property 'postedAt' is missing in type 'JobResponse' but required in type 'Job'.
src/features/profile/components/ApplicationsSection.tsx(75,48): error TS2352: Conversion of type '{ id: string; title: string; company: string; location: string; logo: string | undefined; description: string; requirements: never[]; type: string; salary: string; postedAt: string; }' to type 'Job' may be a mistake because neither type sufficiently overlaps with the other. If this was intentional, convert the expression to 'unknown' first.
  Property 'tags' is missing in type '{ id: string; title: string; company: string; location: string; logo: string | undefined; description: string; requirements: never[]; type: string; salary: string; postedAt: string; }' but required in type 'Job'.
src/features/profile/components/FavoritesSection.tsx(2,21): error TS2307: Cannot find module '../../shared/types/job' or its corresponding type declarations.
src/main.tsx(3,17): error TS5097: An import path can only end with a '.tsx' extension when 'allowImportingTsExtensions' is enabled.
src/shared/ui/components/accordion.tsx(4,37): error TS2307: Cannot find module '@radix-ui/react-accordion@1.2.3' or its corresponding type declarations.
src/shared/ui/components/accordion.tsx(5,33): error TS2307: Cannot find module 'lucide-react@0.487.0' or its corresponding type declarations.
src/shared/ui/components/alert-dialog.tsx(4,39): error TS2307: Cannot find module '@radix-ui/react-alert-dialog@1.1.6' or its corresponding type declarations.
src/shared/ui/components/alert.tsx(2,40): error TS2307: Cannot find module 'class-variance-authority@0.7.1' or its corresponding type declarations.
src/shared/ui/components/aspect-ratio.tsx(3,39): error TS2307: Cannot find module '@radix-ui/react-aspect-ratio@1.1.2' or its corresponding type declarations.
src/shared/ui/components/avatar.tsx(4,34): error TS2307: Cannot find module '@radix-ui/react-avatar@1.1.3' or its corresponding type declarations.
src/shared/ui/components/badge.tsx(2,22): error TS2307: Cannot find module '@radix-ui/react-slot@1.1.2' or its corresponding type declarations.
src/shared/ui/components/badge.tsx(3,40): error TS2307: Cannot find module 'class-variance-authority@0.7.1' or its corresponding type declarations.
src/shared/ui/components/breadcrumb.tsx(2,22): error TS2307: Cannot find module '@radix-ui/react-slot@1.1.2' or its corresponding type declarations.
src/shared/ui/components/breadcrumb.tsx(3,46): error TS2307: Cannot find module 'lucide-react@0.487.0' or its corresponding type declarations.
src/shared/ui/components/button.tsx(2,22): error TS2307: Cannot find module '@radix-ui/react-slot@1.1.2' or its corresponding type declarations.
src/shared/ui/components/button.tsx(3,40): error TS2307: Cannot find module 'class-variance-authority@0.7.1' or its corresponding type declarations.
src/shared/ui/components/calendar.tsx(4,43): error TS2307: Cannot find module 'lucide-react@0.487.0' or its corresponding type declarations.
src/shared/ui/components/calendar.tsx(5,27): error TS2307: Cannot find module 'react-day-picker@8.10.1' or its corresponding type declarations.
src/shared/ui/components/calendar.tsx(63,22): error TS7031: Binding element 'className' implicitly has an 'any' type.
src/shared/ui/components/calendar.tsx(66,23): error TS7031: Binding element 'className' implicitly has an 'any' type.
src/shared/ui/components/carousel.tsx(6,8): error TS2307: Cannot find module 'embla-carousel-react@8.6.0' or its corresponding type declarations.
src/shared/ui/components/carousel.tsx(7,39): error TS2307: Cannot find module 'lucide-react@0.487.0' or its corresponding type declarations.
src/shared/ui/components/chart.tsx(4,36): error TS2307: Cannot find module 'recharts@2.15.2' or its corresponding type declarations.
src/shared/ui/components/chart.tsx(182,23): error TS7006: Parameter 'item' implicitly has an 'any' type.
src/shared/ui/components/chart.tsx(182,29): error TS7006: Parameter 'index' implicitly has an 'any' type.
src/shared/ui/components/chart.tsx(278,21): error TS7006: Parameter 'item' implicitly has an 'any' type.
src/shared/ui/components/checkbox.tsx(4,36): error TS2307: Cannot find module '@radix-ui/react-checkbox@1.1.4' or its corresponding type declarations.
src/shared/ui/components/checkbox.tsx(5,27): error TS2307: Cannot find module 'lucide-react@0.487.0' or its corresponding type declarations.
src/shared/ui/components/collapsible.tsx(3,39): error TS2307: Cannot find module '@radix-ui/react-collapsible@1.1.3' or its corresponding type declarations.
src/shared/ui/components/command.tsx(4,45): error TS2307: Cannot find module 'cmdk@1.1.1' or its corresponding type declarations.
src/shared/ui/components/command.tsx(5,28): error TS2307: Cannot find module 'lucide-react@0.487.0' or its corresponding type declarations.
src/shared/ui/components/context-menu.tsx(4,39): error TS2307: Cannot find module '@radix-ui/react-context-menu@2.2.6' or its corresponding type declarations.
src/shared/ui/components/context-menu.tsx(5,57): error TS2307: Cannot find module 'lucide-react@0.487.0' or its corresponding type declarations.
src/shared/ui/components/dialog.tsx(4,34): error TS2307: Cannot find module '@radix-ui/react-dialog@1.1.6' or its corresponding type declarations.
src/shared/ui/components/dialog.tsx(5,23): error TS2307: Cannot find module 'lucide-react@0.487.0' or its corresponding type declarations.
src/shared/ui/components/drawer.tsx(4,43): error TS2307: Cannot find module 'vaul@1.1.2' or its corresponding type declarations.
src/shared/ui/components/dropdown-menu.tsx(4,40): error TS2307: Cannot find module '@radix-ui/react-dropdown-menu@2.1.6' or its corresponding type declarations.
src/shared/ui/components/dropdown-menu.tsx(5,57): error TS2307: Cannot find module 'lucide-react@0.487.0' or its corresponding type declarations.
src/shared/ui/components/form.tsx(4,33): error TS2307: Cannot find module '@radix-ui/react-label@2.1.2' or its corresponding type declarations.
src/shared/ui/components/form.tsx(5,22): error TS2307: Cannot find module '@radix-ui/react-slot@1.1.2' or its corresponding type declarations.
src/shared/ui/components/form.tsx(14,8): error TS2307: Cannot find module 'react-hook-form@7.55.0' or its corresponding type declarations.
src/shared/ui/components/Header.tsx(226,45): error TS7006: Parameter 'value' implicitly has an 'any' type.
src/shared/ui/components/Header.tsx(253,45): error TS7006: Parameter 'value' implicitly has an 'any' type.
src/shared/ui/components/Header.tsx(271,45): error TS7006: Parameter 'value' implicitly has an 'any' type.
src/shared/ui/components/Header.tsx(289,45): error TS7006: Parameter 'value' implicitly has an 'any' type.
src/shared/ui/components/Header.tsx(307,45): error TS7006: Parameter 'value' implicitly has an 'any' type.
src/shared/ui/components/Header.tsx(329,45): error TS7006: Parameter 'value' implicitly has an 'any' type.
src/shared/ui/components/Header.tsx(356,45): error TS7006: Parameter 'value' implicitly has an 'any' type.
src/shared/ui/components/hover-card.tsx(4,37): error TS2307: Cannot find module '@radix-ui/react-hover-card@1.1.6' or its corresponding type declarations.
src/shared/ui/components/input-otp.tsx(4,43): error TS2307: Cannot find module 'input-otp@1.4.2' or its corresponding type declarations.
src/shared/ui/components/input-otp.tsx(5,27): error TS2307: Cannot find module 'lucide-react@0.487.0' or its corresponding type declarations.
src/shared/ui/components/input-otp.tsx(47,61): error TS2339: Property 'slots' does not exist on type '{}'.
src/shared/ui/components/label.tsx(4,33): error TS2307: Cannot find module '@radix-ui/react-label@2.1.2' or its corresponding type declarations.
src/shared/ui/components/menubar.tsx(4,35): error TS2307: Cannot find module '@radix-ui/react-menubar@1.1.6' or its corresponding type declarations.
src/shared/ui/components/menubar.tsx(5,57): error TS2307: Cannot find module 'lucide-react@0.487.0' or its corresponding type declarations.
src/shared/ui/components/navigation-menu.tsx(2,42): error TS2307: Cannot find module '@radix-ui/react-navigation-menu@1.2.5' or its corresponding type declarations.
src/shared/ui/components/navigation-menu.tsx(3,21): error TS2307: Cannot find module 'class-variance-authority@0.7.1' or its corresponding type declarations.
src/shared/ui/components/navigation-menu.tsx(4,33): error TS2307: Cannot find module 'lucide-react@0.487.0' or its corresponding type declarations.
src/shared/ui/components/pagination.tsx(6,8): error TS2307: Cannot find module 'lucide-react@0.487.0' or its corresponding type declarations.
src/shared/ui/components/pagination.tsx(75,7): error TS2783: 'size' is specified more than once, so this usage will be overwritten.
src/shared/ui/components/pagination.tsx(92,7): error TS2783: 'size' is specified more than once, so this usage will be overwritten.
src/shared/ui/components/popover.tsx(4,35): error TS2307: Cannot find module '@radix-ui/react-popover@1.1.6' or its corresponding type declarations.
src/shared/ui/components/progress.tsx(4,36): error TS2307: Cannot find module '@radix-ui/react-progress@1.1.2' or its corresponding type declarations.
src/shared/ui/components/radio-group.tsx(4,38): error TS2307: Cannot find module '@radix-ui/react-radio-group@1.2.3' or its corresponding type declarations.
src/shared/ui/components/radio-group.tsx(5,28): error TS2307: Cannot find module 'lucide-react@0.487.0' or its corresponding type declarations.
src/shared/ui/components/resizable.tsx(4,34): error TS2307: Cannot find module 'lucide-react@0.487.0' or its corresponding type declarations.
src/shared/ui/components/resizable.tsx(5,37): error TS2307: Cannot find module 'react-resizable-panels@2.1.7' or its corresponding type declarations.
src/shared/ui/components/scroll-area.tsx(4,38): error TS2307: Cannot find module '@radix-ui/react-scroll-area@1.2.3' or its corresponding type declarations.
src/shared/ui/components/select.tsx(4,34): error TS2307: Cannot find module '@radix-ui/react-select@2.1.6' or its corresponding type declarations.
src/shared/ui/components/select.tsx(9,8): error TS2307: Cannot find module 'lucide-react@0.487.0' or its corresponding type declarations.
src/shared/ui/components/separator.tsx(4,37): error TS2307: Cannot find module '@radix-ui/react-separator@1.1.2' or its corresponding type declarations.
src/shared/ui/components/sheet.tsx(4,33): error TS2307: Cannot find module '@radix-ui/react-dialog@1.1.6' or its corresponding type declarations.
src/shared/ui/components/sheet.tsx(5,23): error TS2307: Cannot find module 'lucide-react@0.487.0' or its corresponding type declarations.
src/shared/ui/components/sidebar.tsx(4,22): error TS2307: Cannot find module '@radix-ui/react-slot@1.1.2' or its corresponding type declarations.
src/shared/ui/components/sidebar.tsx(5,35): error TS2307: Cannot find module 'class-variance-authority@0.7.1' or its corresponding type declarations.
src/shared/ui/components/sidebar.tsx(6,31): error TS2307: Cannot find module 'lucide-react@0.487.0' or its corresponding type declarations.
src/shared/ui/components/sidebar.tsx(270,17): error TS7006: Parameter 'event' implicitly has an 'any' type.
src/shared/ui/components/slider.tsx(4,34): error TS2307: Cannot find module '@radix-ui/react-slider@1.2.3' or its corresponding type declarations.
src/shared/ui/components/sonner.tsx(3,26): error TS2307: Cannot find module 'next-themes@0.4.6' or its corresponding type declarations.
src/shared/ui/components/sonner.tsx(4,49): error TS2307: Cannot find module 'sonner@2.0.3' or its corresponding type declarations.
src/shared/ui/components/switch.tsx(4,34): error TS2307: Cannot find module '@radix-ui/react-switch@1.1.3' or its corresponding type declarations.
src/shared/ui/components/tabs.tsx(4,32): error TS2307: Cannot find module '@radix-ui/react-tabs@1.1.3' or its corresponding type declarations.
src/shared/ui/components/toggle-group.tsx(4,39): error TS2307: Cannot find module '@radix-ui/react-toggle-group@1.1.2' or its corresponding type declarations.
src/shared/ui/components/toggle-group.tsx(5,35): error TS2307: Cannot find module 'class-variance-authority@0.7.1' or its corresponding type declarations.
src/shared/ui/components/toggle.tsx(4,34): error TS2307: Cannot find module '@radix-ui/react-toggle@1.1.2' or its corresponding type declarations.
src/shared/ui/components/toggle.tsx(5,40): error TS2307: Cannot find module 'class-variance-authority@0.7.1' or its corresponding type declarations.
src/shared/ui/components/tooltip.tsx(4,35): error TS2307: Cannot find module '@radix-ui/react-tooltip@1.1.8' or its corresponding type declarations.
