src/models/Job.ts(273,19): error TS2345: Argument of type '"title = ?"' is not assignable to parameter of type 'never'.
src/models/Job.ts(274,19): error TS2345: Argument of type 'string' is not assignable to parameter of type 'never'.
src/models/Job.ts(277,19): error TS2345: Argument of type '"company = ?"' is not assignable to parameter of type 'never'.
src/models/Job.ts(278,19): error TS2345: Argument of type 'string' is not assignable to parameter of type 'never'.
src/models/Job.ts(281,19): error TS2345: Argument of type '"salary = ?"' is not assignable to parameter of type 'never'.
src/models/Job.ts(282,19): error TS2345: Argument of type 'string' is not assignable to parameter of type 'never'.
src/models/Job.ts(285,19): error TS2345: Argument of type '"location = ?"' is not assignable to parameter of type 'never'.
src/models/Job.ts(286,19): error TS2345: Argument of type 'string' is not assignable to parameter of type 'never'.
src/models/Job.ts(289,19): error TS2345: Argument of type '"type = ?"' is not assignable to parameter of type 'never'.
src/models/Job.ts(290,19): error TS2345: Argument of type 'string' is not assignable to parameter of type 'never'.
src/models/Job.ts(293,19): error TS2345: Argument of type '"description = ?"' is not assignable to parameter of type 'never'.
src/models/Job.ts(294,19): error TS2345: Argument of type 'string' is not assignable to parameter of type 'never'.
src/models/Job.ts(297,19): error TS2345: Argument of type '"tags = ?"' is not assignable to parameter of type 'never'.
src/models/Job.ts(298,19): error TS2345: Argument of type 'string' is not assignable to parameter of type 'never'.
src/models/Job.ts(301,19): error TS2345: Argument of type '"logo = ?"' is not assignable to parameter of type 'never'.
src/models/Job.ts(302,19): error TS2345: Argument of type 'string' is not assignable to parameter of type 'never'.
src/models/Job.ts(305,19): error TS2345: Argument of type '"specialization = ?"' is not assignable to parameter of type 'never'.
src/models/Job.ts(306,19): error TS2345: Argument of type 'string' is not assignable to parameter of type 'never'.
src/models/Job.ts(309,19): error TS2345: Argument of type '"industry = ?"' is not assignable to parameter of type 'never'.
src/models/Job.ts(310,19): error TS2345: Argument of type 'string' is not assignable to parameter of type 'never'.
src/models/Job.ts(313,19): error TS2345: Argument of type '"region = ?"' is not assignable to parameter of type 'never'.
src/models/Job.ts(314,19): error TS2345: Argument of type 'string' is not assignable to parameter of type 'never'.
src/models/Job.ts(317,19): error TS2345: Argument of type '"salary_from = ?"' is not assignable to parameter of type 'never'.
src/models/Job.ts(318,19): error TS2345: Argument of type 'number' is not assignable to parameter of type 'never'.
src/models/Job.ts(321,19): error TS2345: Argument of type '"salary_to = ?"' is not assignable to parameter of type 'never'.
src/models/Job.ts(322,19): error TS2345: Argument of type 'number' is not assignable to parameter of type 'never'.
src/models/Job.ts(325,19): error TS2345: Argument of type '"salary_frequency = ?"' is not assignable to parameter of type 'never'.
src/models/Job.ts(326,19): error TS2345: Argument of type 'string' is not assignable to parameter of type 'never'.
src/models/Job.ts(329,19): error TS2345: Argument of type '"education = ?"' is not assignable to parameter of type 'never'.
src/models/Job.ts(330,19): error TS2345: Argument of type 'string' is not assignable to parameter of type 'never'.
src/models/Job.ts(333,19): error TS2345: Argument of type '"experience = ?"' is not assignable to parameter of type 'never'.
src/models/Job.ts(334,19): error TS2345: Argument of type 'string' is not assignable to parameter of type 'never'.
src/models/Job.ts(337,19): error TS2345: Argument of type '"employment_type = ?"' is not assignable to parameter of type 'never'.
src/models/Job.ts(338,19): error TS2345: Argument of type 'string' is not assignable to parameter of type 'never'.
src/models/Job.ts(341,19): error TS2345: Argument of type '"schedule = ?"' is not assignable to parameter of type 'never'.
src/models/Job.ts(342,19): error TS2345: Argument of type 'string' is not assignable to parameter of type 'never'.
src/models/Job.ts(345,19): error TS2345: Argument of type '"work_hours = ?"' is not assignable to parameter of type 'never'.
src/models/Job.ts(346,19): error TS2345: Argument of type 'number' is not assignable to parameter of type 'never'.
src/models/Job.ts(349,19): error TS2345: Argument of type '"work_format = ?"' is not assignable to parameter of type 'never'.
src/models/Job.ts(350,19): error TS2345: Argument of type 'string' is not assignable to parameter of type 'never'.
src/models/Job.ts(353,19): error TS2345: Argument of type '"is_active = ?"' is not assignable to parameter of type 'never'.
src/models/Job.ts(354,19): error TS2345: Argument of type '0 | 1' is not assignable to parameter of type 'never'.
  Type '0' is not assignable to type 'never'.
src/models/Job.ts(357,19): error TS2345: Argument of type '"is_featured = ?"' is not assignable to parameter of type 'never'.
src/models/Job.ts(358,19): error TS2345: Argument of type '0 | 1' is not assignable to parameter of type 'never'.
  Type '0' is not assignable to type 'never'.
src/models/Job.ts(365,17): error TS2345: Argument of type 'string' is not assignable to parameter of type 'never'.
src/models/JobMethods.ts(39,23): error TS2345: Argument of type 'string' is not assignable to parameter of type 'never'.
src/utils/jwt.ts(12,5): error TS2322: Type 'string' is not assignable to type 'number | StringValue | undefined'.
